20:38:56 **** Incremental Build of configuration Debug for project ADC_INPUT_CHANNEl ****
make -j8 all 
arm-none-eabi-gcc "../Src/main.c" -mcpu=cortex-m4 -std=gnu11 -g3 -DDEBUG -DSTM32F429I_DISC1 -DSTM32 -DSTM32F429ZITx -DSTM32F4 -c -I../Inc -I"C:/Users/mahon/stmBareMetal/BareMetalSTM/Drivers/Device/ST/STM32F4xx/Include" -I"C:/Users/mahon/stmBareMetal/BareMetalSTM/Drivers/Include" -O0 -ffunction-sections -fdata-sections -Wall -fstack-usage -fcyclomatic-complexity -MMD -MP -MF"Src/main.d" -MT"Src/main.o" --specs=nano.specs -mfpu=fpv4-sp-d16 -mfloat-abi=soft -mthumb -o "Src/main.o"
arm-none-eabi-gcc -o "ADC_INPUT_CHANNEl.elf" @"objects.list"   -mcpu=cortex-m4 -T"C:\Users\mahon\stmBareMetal\BareMetalSTM\ADC_INPUT_CHANNEl\STM32F429ZITX_FLASH.ld" --specs=nosys.specs -Wl,-Map="ADC_INPUT_CHANNEl.map" -Wl,--gc-sections -static --specs=nano.specs -mfpu=fpv4-sp-d16 -mfloat-abi=soft -mthumb -Wl,--start-group -lc -lm -Wl,--end-group
Finished building target: ADC_INPUT_CHANNEl.elf
 
arm-none-eabi-size   ADC_INPUT_CHANNEl.elf 
arm-none-eabi-objdump -h -S  ADC_INPUT_CHANNEl.elf  > "ADC_INPUT_CHANNEl.list"
   text	   data	    bss	    dec	    hex	filename
    984	      8	   1568	   2560	    a00	ADC_INPUT_CHANNEl.elf
Finished building: default.size.stdout
 
Finished building: ADC_INPUT_CHANNEl.list
 

20:38:58 Build Finished. 0 errors, 0 warnings. (took 1s.900ms)

