14:54:13 **** Incremental Build of configuration Debug for project CaptureCompareMeasuringPulseWidth ****
make -j8 all 
arm-none-eabi-gcc "../Src/main.c" -mcpu=cortex-m4 -std=gnu11 -g3 -DDEBUG -DSTM32F429I_DISC1 -DSTM32 -DSTM32F429ZITx -DSTM32F4 -c -I../Inc -I"C:/Users/mahon/stmBareMetal/BareMetalSTM/Drivers/Device/ST/STM32F4xx/Include" -I"C:/Users/mahon/stmBareMetal/BareMetalSTM/Drivers/Include" -O0 -ffunction-sections -fdata-sections -Wall -fstack-usage -fcyclomatic-complexity -MMD -MP -MF"Src/main.d" -MT"Src/main.o" --specs=nano.specs -mfpu=fpv4-sp-d16 -mfloat-abi=soft -mthumb -o "Src/main.o"
arm-none-eabi-gcc -o "CaptureCompareMeasuringPulseWidth.elf" @"objects.list"   -mcpu=cortex-m4 -T"C:\Users\mahon\stmBareMetal\BareMetalSTM\CaptureCompareMeasuringPulseWidth\STM32F429ZITX_FLASH.ld" --specs=nosys.specs -Wl,-Map="CaptureCompareMeasuringPulseWidth.map" -Wl,--gc-sections -static --specs=nano.specs -mfpu=fpv4-sp-d16 -mfloat-abi=soft -mthumb -Wl,--start-group -lc -lm -Wl,--end-group
Finished building target: CaptureCompareMeasuringPulseWidth.elf
 
arm-none-eabi-size   CaptureCompareMeasuringPulseWidth.elf 
arm-none-eabi-objdump -h -S  CaptureCompareMeasuringPulseWidth.elf  > "CaptureCompareMeasuringPulseWidth.list"
   text	   data	    bss	    dec	    hex	filename
   4236	    108	   1596	   5940	   1734	CaptureCompareMeasuringPulseWidth.elf
Finished building: default.size.stdout
 
Finished building: CaptureCompareMeasuringPulseWidth.list
 

14:54:16 Build Finished. 0 errors, 0 warnings. (took 3s.63ms)

