07:16:21 **** Incremental Build of configuration Debug for project DAC_Sin_Wave2 ****
make -j8 all 
arm-none-eabi-gcc "../Src/main.c" -mcpu=cortex-m4 -std=gnu11 -g3 -DDEBUG -DSTM32F429I_DISC1 -DSTM32 -DSTM32F429ZITx -DSTM32F4 -c -I../Inc -I"C:/Users/mahon/stmBareMetal/BareMetalSTM/Drivers/Device/ST/STM32F4xx/Include" -I"C:/Users/mahon/stmBareMetal/BareMetalSTM/Drivers/Include" -O0 -ffunction-sections -fdata-sections -Wall -fstack-usage -fcyclomatic-complexity -MMD -MP -MF"Src/main.d" -MT"Src/main.o" --specs=nano.specs -mfpu=fpv4-sp-d16 -mfloat-abi=soft -mthumb -o "Src/main.o"
arm-none-eabi-gcc -o "DAC_Sin_Wave2.elf" @"objects.list"   -mcpu=cortex-m4 -T"C:\Users\mahon\stmBareMetal\BareMetalSTM\DAC_Sin_Wave2\STM32F429ZITX_FLASH.ld" --specs=nosys.specs -Wl,-Map="DAC_Sin_Wave2.map" -Wl,--gc-sections -static --specs=nano.specs -mfpu=fpv4-sp-d16 -mfloat-abi=soft -mthumb -Wl,--start-group -lc -lm -Wl,--end-group
Finished building target: DAC_Sin_Wave2.elf
 
arm-none-eabi-size   DAC_Sin_Wave2.elf 
arm-none-eabi-objdump -h -S  DAC_Sin_Wave2.elf  > "DAC_Sin_Wave2.list"
   text	   data	    bss	    dec	    hex	filename
   7968	      8	   2080	  10056	   2748	DAC_Sin_Wave2.elf
Finished building: default.size.stdout
 
Finished building: DAC_Sin_Wave2.list
 

07:16:23 Build Finished. 0 errors, 0 warnings. (took 2s.96ms)

