10:51:49 **** Incremental Build of configuration Debug for project ADC_STM_TEMP ****
make -j8 all 
arm-none-eabi-gcc "../Src/main.c" -mcpu=cortex-m4 -std=gnu11 -g3 -DDEBUG -DSTM32F429I_DISC1 -DSTM32 -DSTM32F429ZITx -DSTM32F4 -c -I../Inc -I"C:/Users/mahon/stmBareMetal/BareMetalSTM/Drivers/Device/ST/STM32F4xx/Include" -I"C:/Users/mahon/stmBareMetal/BareMetalSTM/Drivers/Include" -O0 -ffunction-sections -fdata-sections -Wall -fstack-usage -fcyclomatic-complexity -MMD -MP -MF"Src/main.d" -MT"Src/main.o" --specs=nano.specs -mfpu=fpv4-sp-d16 -mfloat-abi=soft -mthumb -o "Src/main.o"
arm-none-eabi-gcc -o "ADC_STM_TEMP.elf" @"objects.list"   -mcpu=cortex-m4 -T"C:\Users\mahon\stmBareMetal\BareMetalSTM\ADC_STM_TEMP\STM32F429ZITX_FLASH.ld" --specs=nosys.specs -Wl,-Map="ADC_STM_TEMP.map" -Wl,--gc-sections -static -L"-u _printf_float" -u _printf_float --specs=nano.specs -mfpu=fpv4-sp-d16 -mfloat-abi=soft -mthumb -Wl,--start-group -lc -lm -Wl,--end-group
Finished building target: ADC_STM_TEMP.elf
 
arm-none-eabi-size   ADC_STM_TEMP.elf 
arm-none-eabi-objdump -h -S  ADC_STM_TEMP.elf  > "ADC_STM_TEMP.list"
   text	   data	    bss	    dec	    hex	filename
  16220	    472	   1584	  18276	   4764	ADC_STM_TEMP.elf
Finished building: default.size.stdout
 
Finished building: ADC_STM_TEMP.list
 
10:52:06 **** Incremental Build of configuration Debug for project ADC_STM_TEMP ****
make -j8 all 
arm-none-eabi-size   ADC_STM_TEMP.elf 
   text	   data	    bss	    dec	    hex	filename
  16220	    472	   1584	  18276	   4764	ADC_STM_TEMP.elf
Finished building: default.size.stdout
 
10:52:09 **** Incremental Build of configuration Debug for project ADC_STM_TEMP ****
make -j8 all 
arm-none-eabi-size   ADC_STM_TEMP.elf 
   text	   data	    bss	    dec	    hex	filename
  16220	    472	   1584	  18276	   4764	ADC_STM_TEMP.elf
Finished building: default.size.stdout
 
10:58:38 **** Incremental Build of configuration Debug for project ADC_STM_TEMP ****
make -j8 all 
arm-none-eabi-gcc "../Src/main.c" -mcpu=cortex-m4 -std=gnu11 -g3 -DDEBUG -DSTM32F429I_DISC1 -DSTM32 -DSTM32F429ZITx -DSTM32F4 -c -I../Inc -I"C:/Users/mahon/stmBareMetal/BareMetalSTM/Drivers/Device/ST/STM32F4xx/Include" -I"C:/Users/mahon/stmBareMetal/BareMetalSTM/Drivers/Include" -O0 -ffunction-sections -fdata-sections -Wall -fstack-usage -fcyclomatic-complexity -MMD -MP -MF"Src/main.d" -MT"Src/main.o" --specs=nano.specs -mfpu=fpv4-sp-d16 -mfloat-abi=soft -mthumb -o "Src/main.o"
arm-none-eabi-gcc -o "ADC_STM_TEMP.elf" @"objects.list"   -mcpu=cortex-m4 -T"C:\Users\mahon\stmBareMetal\BareMetalSTM\ADC_STM_TEMP\STM32F429ZITX_FLASH.ld" --specs=nosys.specs -Wl,-Map="ADC_STM_TEMP.map" -Wl,--gc-sections -static -L"-u _printf_float" -u _printf_float --specs=nano.specs -mfpu=fpv4-sp-d16 -mfloat-abi=soft -mthumb -Wl,--start-group -lc -lm -Wl,--end-group
Finished building target: ADC_STM_TEMP.elf
 
arm-none-eabi-size   ADC_STM_TEMP.elf 
arm-none-eabi-objdump -h -S  ADC_STM_TEMP.elf  > "ADC_STM_TEMP.list"
   text	   data	    bss	    dec	    hex	filename
  16332	    472	   1584	  18388	   47d4	ADC_STM_TEMP.elf
Finished building: default.size.stdout
 
Finished building: ADC_STM_TEMP.list
 
11:04:58 **** Incremental Build of configuration Debug for project ADC_STM_TEMP ****
make -j8 all 
arm-none-eabi-gcc "../Src/main.c" -mcpu=cortex-m4 -std=gnu11 -g3 -DDEBUG -DSTM32F429I_DISC1 -DSTM32 -DSTM32F429ZITx -DSTM32F4 -c -I../Inc -I"C:/Users/mahon/stmBareMetal/BareMetalSTM/Drivers/Device/ST/STM32F4xx/Include" -I"C:/Users/mahon/stmBareMetal/BareMetalSTM/Drivers/Include" -O0 -ffunction-sections -fdata-sections -Wall -fstack-usage -fcyclomatic-complexity -MMD -MP -MF"Src/main.d" -MT"Src/main.o" --specs=nano.specs -mfpu=fpv4-sp-d16 -mfloat-abi=soft -mthumb -o "Src/main.o"
arm-none-eabi-gcc -o "ADC_STM_TEMP.elf" @"objects.list"   -mcpu=cortex-m4 -T"C:\Users\mahon\stmBareMetal\BareMetalSTM\ADC_STM_TEMP\STM32F429ZITX_FLASH.ld" --specs=nosys.specs -Wl,-Map="ADC_STM_TEMP.map" -Wl,--gc-sections -static -L"-u _printf_float" -u _printf_float --specs=nano.specs -mfpu=fpv4-sp-d16 -mfloat-abi=soft -mthumb -Wl,--start-group -lc -lm -Wl,--end-group
Finished building target: ADC_STM_TEMP.elf
 
arm-none-eabi-size   ADC_STM_TEMP.elf 
arm-none-eabi-objdump -h -S  ADC_STM_TEMP.elf  > "ADC_STM_TEMP.list"
   text	   data	    bss	    dec	    hex	filename
  16348	    472	   1584	  18404	   47e4	ADC_STM_TEMP.elf
Finished building: default.size.stdout
 
Finished building: ADC_STM_TEMP.list
 
11:48:24 **** Incremental Build of configuration Debug for project ADC_STM_TEMP ****
make -j8 all 
arm-none-eabi-gcc "../Src/main.c" -mcpu=cortex-m4 -std=gnu11 -g3 -DDEBUG -DSTM32F429I_DISC1 -DSTM32 -DSTM32F429ZITx -DSTM32F4 -c -I../Inc -I"C:/Users/mahon/stmBareMetal/BareMetalSTM/Drivers/Device/ST/STM32F4xx/Include" -I"C:/Users/mahon/stmBareMetal/BareMetalSTM/Drivers/Include" -O0 -ffunction-sections -fdata-sections -Wall -fstack-usage -fcyclomatic-complexity -MMD -MP -MF"Src/main.d" -MT"Src/main.o" --specs=nano.specs -mfpu=fpv4-sp-d16 -mfloat-abi=soft -mthumb -o "Src/main.o"
arm-none-eabi-gcc -o "ADC_STM_TEMP.elf" @"objects.list"   -mcpu=cortex-m4 -T"C:\Users\mahon\stmBareMetal\BareMetalSTM\ADC_STM_TEMP\STM32F429ZITX_FLASH.ld" --specs=nosys.specs -Wl,-Map="ADC_STM_TEMP.map" -Wl,--gc-sections -static -L"-u _printf_float" -u _printf_float --specs=nano.specs -mfpu=fpv4-sp-d16 -mfloat-abi=soft -mthumb -Wl,--start-group -lc -lm -Wl,--end-group
Finished building target: ADC_STM_TEMP.elf
 
arm-none-eabi-size   ADC_STM_TEMP.elf 
arm-none-eabi-objdump -h -S  ADC_STM_TEMP.elf  > "ADC_STM_TEMP.list"
   text	   data	    bss	    dec	    hex	filename
  16348	    472	   1584	  18404	   47e4	ADC_STM_TEMP.elf
Finished building: default.size.stdout
 
Finished building: ADC_STM_TEMP.list
 
11:54:52 **** Incremental Build of configuration Debug for project ADC_STM_TEMP ****
make -j8 all 
arm-none-eabi-gcc "../Src/main.c" -mcpu=cortex-m4 -std=gnu11 -g3 -DDEBUG -DSTM32F429I_DISC1 -DSTM32 -DSTM32F429ZITx -DSTM32F4 -c -I../Inc -I"C:/Users/mahon/stmBareMetal/BareMetalSTM/Drivers/Device/ST/STM32F4xx/Include" -I"C:/Users/mahon/stmBareMetal/BareMetalSTM/Drivers/Include" -O0 -ffunction-sections -fdata-sections -Wall -fstack-usage -fcyclomatic-complexity -MMD -MP -MF"Src/main.d" -MT"Src/main.o" --specs=nano.specs -mfpu=fpv4-sp-d16 -mfloat-abi=soft -mthumb -o "Src/main.o"
arm-none-eabi-gcc -o "ADC_STM_TEMP.elf" @"objects.list"   -mcpu=cortex-m4 -T"C:\Users\mahon\stmBareMetal\BareMetalSTM\ADC_STM_TEMP\STM32F429ZITX_FLASH.ld" --specs=nosys.specs -Wl,-Map="ADC_STM_TEMP.map" -Wl,--gc-sections -static -L"-u _printf_float" -u _printf_float --specs=nano.specs -mfpu=fpv4-sp-d16 -mfloat-abi=soft -mthumb -Wl,--start-group -lc -lm -Wl,--end-group
Finished building target: ADC_STM_TEMP.elf
 
arm-none-eabi-size   ADC_STM_TEMP.elf 
arm-none-eabi-objdump -h -S  ADC_STM_TEMP.elf  > "ADC_STM_TEMP.list"
   text	   data	    bss	    dec	    hex	filename
  16404	    472	   1584	  18460	   481c	ADC_STM_TEMP.elf
Finished building: default.size.stdout
 
Finished building: ADC_STM_TEMP.list
 
11:56:06 **** Incremental Build of configuration Debug for project ADC_STM_TEMP ****
make -j8 all 
arm-none-eabi-gcc "../Src/main.c" -mcpu=cortex-m4 -std=gnu11 -g3 -DDEBUG -DSTM32F429I_DISC1 -DSTM32 -DSTM32F429ZITx -DSTM32F4 -c -I../Inc -I"C:/Users/mahon/stmBareMetal/BareMetalSTM/Drivers/Device/ST/STM32F4xx/Include" -I"C:/Users/mahon/stmBareMetal/BareMetalSTM/Drivers/Include" -O0 -ffunction-sections -fdata-sections -Wall -fstack-usage -fcyclomatic-complexity -MMD -MP -MF"Src/main.d" -MT"Src/main.o" --specs=nano.specs -mfpu=fpv4-sp-d16 -mfloat-abi=soft -mthumb -o "Src/main.o"
arm-none-eabi-gcc -o "ADC_STM_TEMP.elf" @"objects.list"   -mcpu=cortex-m4 -T"C:\Users\mahon\stmBareMetal\BareMetalSTM\ADC_STM_TEMP\STM32F429ZITX_FLASH.ld" --specs=nosys.specs -Wl,-Map="ADC_STM_TEMP.map" -Wl,--gc-sections -static -L"-u _printf_float" -u _printf_float --specs=nano.specs -mfpu=fpv4-sp-d16 -mfloat-abi=soft -mthumb -Wl,--start-group -lc -lm -Wl,--end-group
Finished building target: ADC_STM_TEMP.elf
 
arm-none-eabi-size   ADC_STM_TEMP.elf 
arm-none-eabi-objdump -h -S  ADC_STM_TEMP.elf  > "ADC_STM_TEMP.list"
   text	   data	    bss	    dec	    hex	filename
  16412	    472	   1584	  18468	   4824	ADC_STM_TEMP.elf
Finished building: default.size.stdout
 
Finished building: ADC_STM_TEMP.list
 
