13:50:04 **** Incremental Build of configuration Debug for project HSE_SYSCLOCK ****
make -j8 all 
arm-none-eabi-gcc "../Core/Src/main.c" -mcpu=cortex-m4 -std=gnu11 -g3 -DDEBUG -DUSE_HAL_DRIVER -DSTM32F429xx -c -I../Core/Inc -I../Drivers/STM32F4xx_HAL_Driver/Inc -I../Drivers/STM32F4xx_HAL_Driver/Inc/Legacy -I../Drivers/CMSIS/Device/ST/STM32F4xx/Include -I../Drivers/CMSIS/Include -O0 -ffunction-sections -fdata-sections -Wall -fstack-usage -MMD -MP -MF"Core/Src/main.d" -MT"Core/Src/main.o" --specs=nano.specs -mfpu=fpv4-sp-d16 -mfloat-abi=hard -mthumb -o "Core/Src/main.o"
arm-none-eabi-gcc -o "HSE_SYSCLOCK.elf" @"objects.list"   -mcpu=cortex-m4 -T"C:\Users\mahon\stmBareMetal\BareMetalSTM\HALLClockConfig\STM32F429ZITX_FLASH.ld" --specs=nosys.specs -Wl,-Map="HSE_SYSCLOCK.map" -Wl,--gc-sections -static --specs=nano.specs -mfpu=fpv4-sp-d16 -mfloat-abi=hard -mthumb -Wl,--start-group -lc -lm -Wl,--end-group
Finished building target: HSE_SYSCLOCK.elf
 
arm-none-eabi-size   HSE_SYSCLOCK.elf 
arm-none-eabi-objdump -h -S  HSE_SYSCLOCK.elf  > "HSE_SYSCLOCK.list"
   text	   data	    bss	    dec	    hex	filename
    848	     12	   1572	   2432	    980	HSE_SYSCLOCK.elf
Finished building: default.size.stdout
 
Finished building: HSE_SYSCLOCK.list
 

13:50:06 Build Finished. 0 errors, 0 warnings. (took 2s.211ms)

