17:56:36 **** Build of configuration Debug for project I2C_driver ****
make -j8 all 
arm-none-eabi-gcc "../Src/main.c" -mcpu=cortex-m4 -std=gnu11 -g3 -DDEBUG -DSTM32F429I_DISC1 -DSTM32 -DSTM32F429ZITx -DSTM32F4 -c -I../Inc -I"C:/Users/mahon/stmBareMetal/BareMetalSTM/Drivers/Device/ST/STM32F4xx/Include" -I"C:/Users/mahon/stmBareMetal/BareMetalSTM/Drivers/Include" -O0 -ffunction-sections -fdata-sections -Wall -fstack-usage -fcyclomatic-complexity -MMD -MP -MF"Src/main.d" -MT"Src/main.o" --specs=nano.specs -mfpu=fpv4-sp-d16 -mfloat-abi=soft -mthumb -o "Src/main.o"
../Src/main.c: In function 'main':
../Src/main.c:156:13: warning: unused variable 'data' [-Wunused-variable]
  156 |     uint8_t data = I2C_Read(DS_DEVICE_ADDRESS, DS_REGISTER_ADDRESS);
      |             ^~~~
arm-none-eabi-gcc -o "I2C_driver.elf" @"objects.list"   -mcpu=cortex-m4 -T"C:\Users\mahon\stmBareMetal\BareMetalSTM\I2C_driver\STM32F429ZITX_FLASH.ld" --specs=nosys.specs -Wl,-Map="I2C_driver.map" -Wl,--gc-sections -static -u _printf_float --specs=nano.specs -mfpu=fpv4-sp-d16 -mfloat-abi=soft -mthumb -Wl,--start-group -lc -lm -Wl,--end-group
Finished building target: I2C_driver.elf
 
arm-none-eabi-size   I2C_driver.elf 
arm-none-eabi-objdump -h -S  I2C_driver.elf  > "I2C_driver.list"
   text	   data	    bss	    dec	    hex	filename
  15992	    472	   1584	  18048	   4680	I2C_driver.elf
Finished building: default.size.stdout
 
Finished building: I2C_driver.list
 

17:56:38 Build Finished. 0 errors, 1 warnings. (took 1s.811ms)

