10:17:40 **** Incremental Build of configuration Debug for project LCD_8bit_pooling ****
make -j8 all 
arm-none-eabi-gcc "../Src/main.c" -mcpu=cortex-m4 -std=gnu11 -g3 -DDEBUG -DSTM32F429I_DISC1 -DSTM32 -DSTM32F429ZITx -DSTM32F4 -c -I../Inc -I"C:/Users/mahon/stmBareMetal/BareMetalSTM/Drivers/Device/ST/STM32F4xx/Include" -I"C:/Users/mahon/stmBareMetal/BareMetalSTM/Drivers/Include" -O0 -ffunction-sections -fdata-sections -Wall -fstack-usage -fcyclomatic-complexity -MMD -MP -MF"Src/main.d" -MT"Src/main.o" --specs=nano.specs -mfpu=fpv4-sp-d16 -mfloat-abi=soft -mthumb -o "Src/main.o"
arm-none-eabi-gcc -o "LCD_8bit_pooling.elf" @"objects.list"   -mcpu=cortex-m4 -T"C:\Users\mahon\stmBareMetal\BareMetalSTM\LCD_8bit_pooling\STM32F429ZITX_FLASH.ld" --specs=nosys.specs -Wl,-Map="LCD_8bit_pooling.map" -Wl,--gc-sections -static --specs=nano.specs -mfpu=fpv4-sp-d16 -mfloat-abi=soft -mthumb -Wl,--start-group -lc -lm -Wl,--end-group
Finished building target: LCD_8bit_pooling.elf
 
arm-none-eabi-size   LCD_8bit_pooling.elf 
arm-none-eabi-objdump -h -S  LCD_8bit_pooling.elf  > "LCD_8bit_pooling.list"
   text	   data	    bss	    dec	    hex	filename
   1304	     12	   1564	   2880	    b40	LCD_8bit_pooling.elf
Finished building: default.size.stdout
 
Finished building: LCD_8bit_pooling.list
 

10:17:41 Build Finished. 0 errors, 0 warnings. (took 1s.9ms)

