15:33:20 **** Incremental Build of configuration Debug for project SPI_WITH_LTC1662_16Bits ****
make -j8 all 
arm-none-eabi-gcc "../Src/main.c" -mcpu=cortex-m4 -std=gnu11 -g3 -DDEBUG -DSTM32F429I_DISC1 -DSTM32 -DSTM32F429ZITx -DSTM32F4 -c -I../Inc -I"C:/Users/mahon/stmBareMetal/BareMetalSTM/Drivers/Device/ST/STM32F4xx/Include" -I"C:/Users/mahon/stmBareMetal/BareMetalSTM/Drivers/Include" -O0 -ffunction-sections -fdata-sections -Wall -fstack-usage -fcyclomatic-complexity -MMD -MP -MF"Src/main.d" -MT"Src/main.o" --specs=nano.specs -mfpu=fpv4-sp-d16 -mfloat-abi=soft -mthumb -o "Src/main.o"
arm-none-eabi-gcc -o "SPI_WITH_LTC1662_16Bits.elf" @"objects.list"   -mcpu=cortex-m4 -T"C:\Users\mahon\stmBareMetal\BareMetalSTM\SPI_WITH_LTC1662_16Bits\STM32F429ZITX_FLASH.ld" --specs=nosys.specs -Wl,-Map="SPI_WITH_LTC1662_16Bits.map" -Wl,--gc-sections -static --specs=nano.specs -mfpu=fpv4-sp-d16 -mfloat-abi=soft -mthumb -Wl,--start-group -lc -lm -Wl,--end-group
Finished building target: SPI_WITH_LTC1662_16Bits.elf
 
arm-none-eabi-size   SPI_WITH_LTC1662_16Bits.elf 
arm-none-eabi-objdump -h -S  SPI_WITH_LTC1662_16Bits.elf  > "SPI_WITH_LTC1662_16Bits.list"
   text	   data	    bss	    dec	    hex	filename
    968	      8	   1568	   2544	    9f0	SPI_WITH_LTC1662_16Bits.elf
Finished building: default.size.stdout
 
Finished building: SPI_WITH_LTC1662_16Bits.list
 

15:33:22 Build Finished. 0 errors, 0 warnings. (took 1s.553ms)

