18:59:12 **** Incremental Build of configuration Debug for project Stepper_motor_bipolar ****
make -j8 all 
arm-none-eabi-gcc "../Src/main.c" -mcpu=cortex-m4 -std=gnu11 -g3 -DDEBUG -DSTM32F429I_DISC1 -DSTM32 -DSTM32F429ZITx -DSTM32F4 -c -I../Inc -I"C:/Users/mahon/stmBareMetal/BareMetalSTM/Drivers/Device/ST/STM32F4xx/Include" -I"C:/Users/mahon/stmBareMetal/BareMetalSTM/Drivers/Include" -O0 -ffunction-sections -fdata-sections -Wall -fstack-usage -fcyclomatic-complexity -MMD -MP -MF"Src/main.d" -MT"Src/main.o" --specs=nano.specs -mfpu=fpv4-sp-d16 -mfloat-abi=soft -mthumb -o "Src/main.o"
arm-none-eabi-gcc -o "Stepper_motor_bipolar.elf" @"objects.list"   -mcpu=cortex-m4 -T"C:\Users\mahon\stmBareMetal\BareMetalSTM\Stepper_motor_bipolar\STM32F429ZITX_FLASH.ld" --specs=nosys.specs -Wl,-Map="Stepper_motor_bipolar.map" -Wl,--gc-sections -static --specs=nano.specs -mfpu=fpv4-sp-d16 -mfloat-abi=soft -mthumb -Wl,--start-group -lc -lm -Wl,--end-group
Finished building target: Stepper_motor_bipolar.elf
 
arm-none-eabi-size   Stepper_motor_bipolar.elf 
arm-none-eabi-objdump -h -S  Stepper_motor_bipolar.elf  > "Stepper_motor_bipolar.list"
   text	   data	    bss	    dec	    hex	filename
   1100	      8	   1568	   2676	    a74	Stepper_motor_bipolar.elf
Finished building: default.size.stdout
 
Finished building: Stepper_motor_bipolar.list
 

18:59:15 Build Finished. 0 errors, 0 warnings. (took 2s.472ms)

