10:50:01 **** Build of configuration Debug for project STM32F4XX_DRIVERS ****
make -j8 all 
arm-none-eabi-gcc -mcpu=cortex-m4 -g3 -DDEBUG -c -x assembler-with-cpp -MMD -MP -MF"Startup/startup_stm32f429zitx.d" -MT"Startup/startup_stm32f429zitx.o" --specs=nano.specs -mfpu=fpv4-sp-d16 -mfloat-abi=soft -mthumb -o "Startup/startup_stm32f429zitx.o" "../Startup/startup_stm32f429zitx.s"
arm-none-eabi-gcc "../Src/main.c" -mcpu=cortex-m4 -std=gnu11 -g3 -DDEBUG -DSTM32F429I_DISC1 -DSTM32 -DSTM32F429ZITx -DSTM32F4 -c -I../Inc -I"C:/Users/mahon/stmBareMetal/BareMetalSTM/STM32F4XX_DRIVERS/drivers/Inc" -O0 -ffunction-sections -fdata-sections -Wall -fstack-usage -MMD -MP -MF"Src/main.d" -MT"Src/main.o" --specs=nano.specs -mfpu=fpv4-sp-d16 -mfloat-abi=soft -mthumb -o "Src/main.o"
arm-none-eabi-gcc -o "STM32F4XX_DRIVERS.elf" @"objects.list"   -mcpu=cortex-m4 -T"C:\Users\mahon\stmBareMetal\BareMetalSTM\STM32F4XX_DRIVERS\STM32F429ZITX_FLASH.ld" --specs=nosys.specs -Wl,-Map="STM32F4XX_DRIVERS.map" -Wl,--gc-sections -static --specs=nano.specs -mfpu=fpv4-sp-d16 -mfloat-abi=soft -mthumb -Wl,--start-group -lc -lm -Wl,--end-group
Finished building target: STM32F4XX_DRIVERS.elf
 
arm-none-eabi-size   STM32F4XX_DRIVERS.elf 
arm-none-eabi-objdump -h -S  STM32F4XX_DRIVERS.elf  > "STM32F4XX_DRIVERS.list"
   text	   data	    bss	    dec	    hex	filename
    680	      8	   1568	   2256	    8d0	STM32F4XX_DRIVERS.elf
Finished building: default.size.stdout
 
Finished building: STM32F4XX_DRIVERS.list
 

10:50:02 Build Finished. 0 errors, 0 warnings. (took 917ms)

