16:11:52 **** Incremental Build of configuration Debug for project Systick_To_Toggle_LED_5_TTimes_In _A_Second ****
make -j8 all 
arm-none-eabi-gcc "../Src/main.c" -mcpu=cortex-m4 -std=gnu11 -g3 -DDEBUG -DSTM32F429I_DISC1 -DSTM32 -DSTM32F429ZITx -DSTM32F4 -c -I../Inc -I"C:/Users/mahon/stmBareMetal/BareMetalSTM/Drivers/Device/ST/STM32F4xx/Include" -I"C:/Users/mahon/stmBareMetal/BareMetalSTM/Drivers/Include" -O0 -ffunction-sections -fdata-sections -Wall -fstack-usage -fcyclomatic-complexity -MMD -MP -MF"Src/main.d" -MT"Src/main.o" --specs=nano.specs -mfpu=fpv4-sp-d16 -mfloat-abi=soft -mthumb -o "Src/main.o"
arm-none-eabi-gcc -o "Systick_To_Toggle_LED_5_TTimes_In _A_Second.elf" @"objects.list"   -mcpu=cortex-m4 -T"C:\Users\mahon\stmBareMetal\BareMetalSTM\Systick_To_Toggle_LED_5_TTimes_In _A_Second\STM32F429ZITX_FLASH.ld" --specs=nosys.specs -Wl,-Map="Systick_To_Toggle_LED_5_TTimes_In _A_Second.map" -Wl,--gc-sections -static --specs=nano.specs -mfpu=fpv4-sp-d16 -mfloat-abi=soft -mthumb -Wl,--start-group -lc -lm -Wl,--end-group
Finished building target: Systick_To_Toggle_LED_5_TTimes_In _A_Second.elf
 
arm-none-eabi-size   Systick_To_Toggle_LED_5_TTimes_In\ _A_Second.elf 
arm-none-eabi-objdump -h -S  Systick_To_Toggle_LED_5_TTimes_In\ _A_Second.elf  > "Systick_To_Toggle_LED_5_TTimes_In _A_Second.list"
   text	   data	    bss	    dec	    hex	filename
    780	      8	   1568	   2356	    934	Systick_To_Toggle_LED_5_TTimes_In _A_Second.elf
Finished building: default.size.stdout
 
Finished building: Systick_To_Toggle_LED_5_TTimes_In _A_Second.list
 

16:11:53 Build Finished. 0 errors, 0 warnings. (took 1s.408ms)

