11:44:47 **** Incremental Build of configuration Debug for project Timer2_delay ****
make -j8 all 
arm-none-eabi-gcc "../Src/main.c" -mcpu=cortex-m4 -std=gnu11 -g3 -DDEBUG -DSTM32F429I_DISC1 -DSTM32 -DSTM32F429ZITx -DSTM32F4 -c -I../Inc -I"C:/Users/mahon/stmBareMetal/BareMetalSTM/Drivers/Device/ST/STM32F4xx/Include" -I"C:/Users/mahon/stmBareMetal/BareMetalSTM/Drivers/Include" -O0 -ffunction-sections -fdata-sections -Wall -fstack-usage -fcyclomatic-complexity -MMD -MP -MF"Src/main.d" -MT"Src/main.o" --specs=nano.specs -mfpu=fpv4-sp-d16 -mfloat-abi=soft -mthumb -o "Src/main.o"
arm-none-eabi-gcc -o "Timer2_delay.elf" @"objects.list"   -mcpu=cortex-m4 -T"C:\Users\mahon\stmBareMetal\BareMetalSTM\Timer2_delay\STM32F429ZITX_FLASH.ld" --specs=nosys.specs -Wl,-Map="Timer2_delay.map" -Wl,--gc-sections -static --specs=nano.specs -mfpu=fpv4-sp-d16 -mfloat-abi=soft -mthumb -Wl,--start-group -lc -lm -Wl,--end-group
Finished building target: Timer2_delay.elf
 
arm-none-eabi-size   Timer2_delay.elf 
arm-none-eabi-objdump -h -S  Timer2_delay.elf  > "Timer2_delay.list"
   text	   data	    bss	    dec	    hex	filename
    824	      8	   1568	   2400	    960	Timer2_delay.elf
Finished building: default.size.stdout
 
Finished building: Timer2_delay.list
 

11:44:48 Build Finished. 0 errors, 0 warnings. (took 1s.174ms)

