16:14:48 **** Incremental Build of configuration Debug for project USART4 ****
make -j8 all 
arm-none-eabi-gcc "../Src/main.c" -mcpu=cortex-m4 -std=gnu11 -g3 -DDEBUG -DSTM32F429I_DISC1 -DSTM32 -DSTM32F429ZITx -DSTM32F4 -c -I../Inc -I"C:/Users/mahon/stmBareMetal/BareMetalSTM/Drivers/Device/ST/STM32F4xx/Include" -I"C:/Users/mahon/stmBareMetal/BareMetalSTM/Drivers/Include" -O0 -ffunction-sections -fdata-sections -Wall -fstack-usage -fcyclomatic-complexity -MMD -MP -MF"Src/main.d" -MT"Src/main.o" --specs=nano.specs -mfpu=fpv4-sp-d16 -mfloat-abi=soft -mthumb -o "Src/main.o"
arm-none-eabi-gcc -o "USART4.elf" @"objects.list"   -mcpu=cortex-m4 -T"C:\Users\mahon\stmBareMetal\BareMetalSTM\USART4\STM32F429ZITX_FLASH.ld" --specs=nosys.specs -Wl,-Map="USART4.map" -Wl,--gc-sections -static --specs=nano.specs -mfpu=fpv4-sp-d16 -mfloat-abi=soft -mthumb -Wl,--start-group -lc -lm -Wl,--end-group
Finished building target: USART4.elf
 
arm-none-eabi-size   USART4.elf 
arm-none-eabi-objdump -h -S  USART4.elf  > "USART4.list"
   text	   data	    bss	    dec	    hex	filename
    996	      8	   1568	   2572	    a0c	USART4.elf
Finished building: default.size.stdout
 
Finished building: USART4.list
 

16:14:50 Build Finished. 0 errors, 0 warnings. (took 1s.262ms)

